<?xml version="1.0" encoding="utf-8"?><testsuites><testsuite name="pytest" errors="0" failures="0" skipped="0" tests="20" time="0.387" timestamp="2025-01-14T00:07:38.239441+01:00" hostname="LAPTOP-NQTSV9GP"><testcase classname="tests.test_achievements.TestAchievements" name="test_achievement_display" file="..\cursor\tests\test_achievements.py" line="88" time="0.004" /><testcase classname="tests.test_achievements.TestAchievements" name="test_comeback_achievement" file="..\cursor\tests\test_achievements.py" line="75" time="0.002" /><testcase classname="tests.test_achievements.TestAchievements" name="test_first_win_achievement" file="..\cursor\tests\test_achievements.py" line="31" time="0.003" /><testcase classname="tests.test_achievements.TestAchievements" name="test_multiple_achievements" file="..\cursor\tests\test_achievements.py" line="96" time="0.002" /><testcase classname="tests.test_achievements.TestAchievements" name="test_perfect_game_achievement" file="..\cursor\tests\test_achievements.py" line="45" time="0.002" /><testcase classname="tests.test_achievements.TestAchievements" name="test_special_master_achievement" file="..\cursor\tests\test_achievements.py" line="62" time="0.002" /><testcase classname="tests.test_card.TestCard" name="test_can_be_played_on" file="..\cursor\tests\test_card.py" line="13" time="0.002" /><testcase classname="tests.test_card.TestCard" name="test_card_creation" file="..\cursor\tests\test_card.py" line="9" time="0.001" /><testcase classname="tests.test_console_ui.TestConsoleUI" name="test_ask_play_drawn_card" file="..\cursor\tests\test_console_ui.py" line="17" time="0.002" /><testcase classname="tests.test_console_ui.TestConsoleUI" name="test_get_color_choice" file="..\cursor\tests\test_console_ui.py" line="12" time="0.002" /><testcase classname="tests.test_deck.TestDeck" name="test_deck_initialization" file="..\cursor\tests\test_deck.py" line="7" time="0.001" /><testcase classname="tests.test_deck.TestDeck" name="test_draw_card" file="..\cursor\tests\test_deck.py" line="11" time="0.001" /><testcase classname="tests.test_deck.TestDeck" name="test_reshuffle_discard_pile" file="..\cursor\tests\test_deck.py" line="18" time="0.002" /><testcase classname="tests.test_game_manager.TestGameManager" name="test_direction_change" file="..\cursor\tests\test_game_manager.py" line="26" time="0.003" /><testcase classname="tests.test_game_manager.TestGameManager" name="test_game_initialization" file="..\cursor\tests\test_game_manager.py" line="11" time="0.001" /><testcase classname="tests.test_game_manager.TestGameManager" name="test_start_game" file="..\cursor\tests\test_game_manager.py" line="16" time="0.003" /><testcase classname="tests.test_rules.TestRules" name="test_draw_two_effect" file="..\cursor\tests\test_rules.py" line="26" time="0.004" /><testcase classname="tests.test_rules.TestRules" name="test_skip_card_effect" file="..\cursor\tests\test_rules.py" line="13" time="0.003" /><testcase classname="tests.test_save_manager.TestSaveManager" name="test_save_achievements" file="..\cursor\tests\test_save_manager.py" line="10" time="0.019" /><testcase classname="tests.test_save_manager.TestSaveManager" name="test_save_game_stats" file="..\cursor\tests\test_save_manager.py" line="25" time="0.013" /></testsuite></testsuites>